00:01:03 - === meshy_upload.php started ===
00:01:03 - POST data | {"product_id":"28","image_path":"uploads\/products\/1762293315_690a7643b6d4d.png"}
00:01:03 - FILES data | "NO"
00:01:03 - Using product image mode
00:01:03 - Attempting to load image | {"original_path":"uploads\/products\/1762293315_690a7643b6d4d.png","full_path":"C:\\xampp\\htdocs\\starroofing\\admin\\meshy\/..\/..\/uploads\/products\/1762293315_690a7643b6d4d.png","exists":true}
00:01:03 - Product image loaded | {"path":"C:\\xampp\\htdocs\\starroofing\\admin\\meshy\/..\/..\/uploads\/products\/1762293315_690a7643b6d4d.png","name":"1762293315_690a7643b6d4d.png","type":"image\/png","size":50560,"hash":"73c89729f22f69cc3349599be1b10395"}
00:01:03 - Duplicate found | {"id":11,"model_path":null,"generation_status":"pending","meshy_task_id":"019a5116-ac1a-7e3d-b322-f7f6f3017467"}
00:01:06 - Checking status | {"task_id":"019a5116-ac1a-7e3d-b322-f7f6f3017467"}
00:01:07 - API Response | {"code":200}
00:01:07 - Task state | {"status":"succeeded","progress":100}
00:01:07 - Model URL found | {"url":"https:\/\/assets.meshy.ai\/3b7a3bf4-2114-49b6-b91c-d1ee797186b9\/tasks\/019a5116-ac1a-7e3d-b322-f7f6f3017467\/output\/model.glb?Expires=1762556327&Signature=EPAf6JDvHPk7mI3VCXK4fSBrErqNymzBWQR~WvVbtiWb-UOTgcSS0ribTJLWSW5bRkJvUh1c4yt73Mdw0GTsfA3v3kJKLftx5Igah9V5I5HuQBLMEYwGkdkkBjC2S9aQOnacKuy9slJ9mQ9NVt-d~qnNUyzkmPVkRbUUcxHMLvdUDI9plgt7T4SwKT~GqPSjLF18Tv-lVoYeOczFzn04Dnq8HaGHvuRzqi5yKsROVNezwgpC14iUPSyKuU8PHDUoak6Mwt2Mw3ceAi8G93T2WXwHW7f~LichURcS9zrcfsVUlW66SCjxbX5xyKo21hfSErBiI-a7RZwFLe8Bb-gd1w__&Key-Pair-Id=KL5I0C8H7HX83"}
00:01:07 - Model downloaded successfully | {"path":"C:\\xampp\\htdocs\\starroofing\\admin\\meshy\/..\/..\/uploads\/3dmodels\/model_690a85b30f1bb.glb","relative_path":"uploads\/3dmodels\/model_690a85b30f1bb.glb","size":6622172}
00:01:07 - Database updated | {"id":11}
00:01:07 - Product table updated | {"product_id":28}
00:01:26 - === meshy_upload.php started ===
00:01:26 - POST data | {"product_id":"29","image_path":"uploads\/products\/1762293338_690a765a8cafa.png"}
00:01:26 - FILES data | "NO"
00:01:26 - Using product image mode
00:01:26 - Attempting to load image | {"original_path":"uploads\/products\/1762293338_690a765a8cafa.png","full_path":"C:\\xampp\\htdocs\\starroofing\\admin\\meshy\/..\/..\/uploads\/products\/1762293338_690a765a8cafa.png","exists":true}
00:01:26 - Product image loaded | {"path":"C:\\xampp\\htdocs\\starroofing\\admin\\meshy\/..\/..\/uploads\/products\/1762293338_690a765a8cafa.png","name":"1762293338_690a765a8cafa.png","type":"image\/png","size":87030,"hash":"17ceb1c4583c79867448ba7fa1014c3d"}
00:01:26 - No duplicate found, proceeding with API call
00:01:26 - Data URI created | {"length":116062}
00:01:26 - JSON payload size: 118386 bytes
00:01:27 - API Response | {"code":202,"response":"{\"result\":\"019a511a-921e-7f29-b5d2-9150c8f0c459\"}"}
00:01:27 - Task created successfully: 019a511a-921e-7f29-b5d2-9150c8f0c459
00:01:27 - Database record created for task: 019a511a-921e-7f29-b5d2-9150c8f0c459
00:01:27 - Product table updated with task_id | {"product_id":29}
00:01:27 - === meshy_upload.php completed ===
00:01:30 - Checking status | {"task_id":"019a511a-921e-7f29-b5d2-9150c8f0c459"}
00:01:31 - API Response | {"code":200}
00:01:31 - Task state | {"status":"in_progress","progress":20}
00:01:36 - Checking status | {"task_id":"019a511a-921e-7f29-b5d2-9150c8f0c459"}
00:01:36 - API Response | {"code":200}
00:01:36 - Task state | {"status":"in_progress","progress":20}
00:01:41 - Checking status | {"task_id":"019a511a-921e-7f29-b5d2-9150c8f0c459"}
00:01:42 - API Response | {"code":200}
00:01:42 - Task state | {"status":"in_progress","progress":20}
00:01:47 - Checking status | {"task_id":"019a511a-921e-7f29-b5d2-9150c8f0c459"}
00:01:47 - API Response | {"code":200}
00:01:47 - Task state | {"status":"in_progress","progress":20}
00:01:53 - Checking status | {"task_id":"019a511a-921e-7f29-b5d2-9150c8f0c459"}
00:01:53 - API Response | {"code":200}
00:01:53 - Task state | {"status":"in_progress","progress":20}
00:01:58 - Checking status | {"task_id":"019a511a-921e-7f29-b5d2-9150c8f0c459"}
00:01:59 - API Response | {"code":200}
00:01:59 - Task state | {"status":"in_progress","progress":30}
00:02:04 - Checking status | {"task_id":"019a511a-921e-7f29-b5d2-9150c8f0c459"}
00:02:04 - API Response | {"code":200}
00:02:04 - Task state | {"status":"in_progress","progress":49}
00:02:09 - Checking status | {"task_id":"019a511a-921e-7f29-b5d2-9150c8f0c459"}
00:02:10 - API Response | {"code":200}
00:02:10 - Task state | {"status":"in_progress","progress":49}
00:02:15 - Checking status | {"task_id":"019a511a-921e-7f29-b5d2-9150c8f0c459"}
00:02:15 - API Response | {"code":200}
00:02:15 - Task state | {"status":"in_progress","progress":49}
00:02:20 - Checking status | {"task_id":"019a511a-921e-7f29-b5d2-9150c8f0c459"}
00:02:21 - API Response | {"code":200}
00:02:21 - Task state | {"status":"in_progress","progress":49}
00:02:26 - Checking status | {"task_id":"019a511a-921e-7f29-b5d2-9150c8f0c459"}
00:02:27 - API Response | {"code":200}
00:02:27 - Task state | {"status":"in_progress","progress":49}
00:02:32 - Checking status | {"task_id":"019a511a-921e-7f29-b5d2-9150c8f0c459"}
00:02:32 - API Response | {"code":200}
00:02:32 - Task state | {"status":"in_progress","progress":49}
00:02:38 - Checking status | {"task_id":"019a511a-921e-7f29-b5d2-9150c8f0c459"}
00:02:39 - API Response | {"code":200}
00:02:39 - Task state | {"status":"in_progress","progress":49}
00:02:44 - Checking status | {"task_id":"019a511a-921e-7f29-b5d2-9150c8f0c459"}
00:02:45 - API Response | {"code":200}
00:02:45 - Task state | {"status":"in_progress","progress":49}
00:02:50 - Checking status | {"task_id":"019a511a-921e-7f29-b5d2-9150c8f0c459"}
00:02:51 - API Response | {"code":200}
00:02:51 - Task state | {"status":"in_progress","progress":49}
00:02:56 - Checking status | {"task_id":"019a511a-921e-7f29-b5d2-9150c8f0c459"}
00:02:56 - API Response | {"code":200}
00:02:56 - Task state | {"status":"in_progress","progress":49}
00:03:01 - Checking status | {"task_id":"019a511a-921e-7f29-b5d2-9150c8f0c459"}
00:03:02 - API Response | {"code":200}
00:03:02 - Task state | {"status":"in_progress","progress":49}
00:03:07 - Checking status | {"task_id":"019a511a-921e-7f29-b5d2-9150c8f0c459"}
00:03:07 - API Response | {"code":200}
00:03:07 - Task state | {"status":"in_progress","progress":49}
00:03:12 - Checking status | {"task_id":"019a511a-921e-7f29-b5d2-9150c8f0c459"}
00:03:13 - API Response | {"code":200}
00:03:13 - Task state | {"status":"in_progress","progress":49}
00:03:18 - Checking status | {"task_id":"019a511a-921e-7f29-b5d2-9150c8f0c459"}
00:03:19 - API Response | {"code":200}
00:03:19 - Task state | {"status":"in_progress","progress":49}
00:03:24 - Checking status | {"task_id":"019a511a-921e-7f29-b5d2-9150c8f0c459"}
00:03:24 - API Response | {"code":200}
00:03:24 - Task state | {"status":"in_progress","progress":49}
00:03:29 - Checking status | {"task_id":"019a511a-921e-7f29-b5d2-9150c8f0c459"}
00:03:30 - API Response | {"code":200}
00:03:30 - Task state | {"status":"in_progress","progress":50}
00:03:35 - Checking status | {"task_id":"019a511a-921e-7f29-b5d2-9150c8f0c459"}
00:03:35 - API Response | {"code":200}
00:03:35 - Task state | {"status":"in_progress","progress":60}
00:03:40 - Checking status | {"task_id":"019a511a-921e-7f29-b5d2-9150c8f0c459"}
00:03:41 - API Response | {"code":200}
00:03:41 - Task state | {"status":"in_progress","progress":76}
00:03:46 - Checking status | {"task_id":"019a511a-921e-7f29-b5d2-9150c8f0c459"}
00:03:47 - API Response | {"code":200}
00:03:47 - Task state | {"status":"in_progress","progress":97}
00:03:52 - Checking status | {"task_id":"019a511a-921e-7f29-b5d2-9150c8f0c459"}
00:03:52 - API Response | {"code":200}
00:03:52 - Task state | {"status":"in_progress","progress":97}
00:03:57 - Checking status | {"task_id":"019a511a-921e-7f29-b5d2-9150c8f0c459"}
00:03:58 - API Response | {"code":200}
00:03:58 - Task state | {"status":"in_progress","progress":99}
00:04:03 - Checking status | {"task_id":"019a511a-921e-7f29-b5d2-9150c8f0c459"}
00:04:03 - API Response | {"code":200}
00:04:03 - Task state | {"status":"succeeded","progress":100}
00:04:03 - Model URL found | {"url":"https:\/\/assets.meshy.ai\/3b7a3bf4-2114-49b6-b91c-d1ee797186b9\/tasks\/019a511a-921e-7f29-b5d2-9150c8f0c459\/output\/model.glb?Expires=1762556640&Signature=Z9-KcTLzSe7gWjB24hXxWjhkE8p9H9oCNG-cl0e70kXyrCWHoJ02ag86opQMLsDLFv4kz4KqRVcxIY~AfJpsd9knpGbMQX8UjRtQirLQU72W71nlvhK1isFlKse8M2~fybZzsi0H6uYQlbW~zkLxAsWjTMrvC2q~4XW0xYzQP2sGaFf-PW5J0Busv6P0YXGH11gHn6R9n7PIqJJq2Um-MLbHi~XJb1HLfxW9zv4YuRmqJhb4-UiV7t3e6P74P9k6Zu2eVpw7ZF4V7hJUBK~s9xBtGhkXgYjpxp~oppw-9R40L7kMQsTsCqOyPN5936F6pmn~7803WeTq3YazMAaxeQ__&Key-Pair-Id=KL5I0C8H7HX83"}
00:04:04 - Model downloaded successfully | {"path":"C:\\xampp\\htdocs\\starroofing\\admin\\meshy\/..\/..\/uploads\/3dmodels\/model_690a8663c46c1.glb","relative_path":"uploads\/3dmodels\/model_690a8663c46c1.glb","size":5977068}
00:04:04 - Database updated | {"id":12}
00:04:04 - Product table updated | {"product_id":29}
00:05:23 - === meshy_upload.php started ===
00:05:23 - POST data | {"product_id":"23","image_path":"uploads\/products\/1762291313_690a6e71aaed8.png"}
00:05:23 - FILES data | "NO"
00:05:23 - Using product image mode
00:05:23 - Attempting to load image | {"original_path":"uploads\/products\/1762291313_690a6e71aaed8.png","full_path":"C:\\xampp\\htdocs\\starroofing\\admin\\meshy\/..\/..\/uploads\/products\/1762291313_690a6e71aaed8.png","exists":true}
00:05:23 - Product image loaded | {"path":"C:\\xampp\\htdocs\\starroofing\\admin\\meshy\/..\/..\/uploads\/products\/1762291313_690a6e71aaed8.png","name":"1762291313_690a6e71aaed8.png","type":"image\/png","size":52650,"hash":"e2787deec78724917850a07ae9deac7b"}
00:05:23 - No duplicate found, proceeding with API call
00:05:23 - Data URI created | {"length":70222}
00:05:23 - JSON payload size: 71776 bytes
00:05:24 - API Response | {"code":202,"response":"{\"result\":\"019a511e-3126-7bfa-aa30-3de444607c6e\"}"}
00:05:24 - Task created successfully: 019a511e-3126-7bfa-aa30-3de444607c6e
00:05:24 - Database record created for task: 019a511e-3126-7bfa-aa30-3de444607c6e
00:05:24 - Product table updated with task_id | {"product_id":23}
00:05:24 - === meshy_upload.php completed ===
00:05:27 - Checking status | {"task_id":"019a511e-3126-7bfa-aa30-3de444607c6e"}
00:05:28 - API Response | {"code":200}
00:05:28 - Task state | {"status":"in_progress","progress":20}
00:05:33 - Checking status | {"task_id":"019a511e-3126-7bfa-aa30-3de444607c6e"}
00:05:33 - API Response | {"code":200}
00:05:33 - Task state | {"status":"in_progress","progress":20}
00:05:38 - Checking status | {"task_id":"019a511e-3126-7bfa-aa30-3de444607c6e"}
00:05:39 - API Response | {"code":200}
00:05:39 - Task state | {"status":"in_progress","progress":20}
00:05:44 - Checking status | {"task_id":"019a511e-3126-7bfa-aa30-3de444607c6e"}
00:05:45 - API Response | {"code":200}
00:05:45 - Task state | {"status":"in_progress","progress":20}
00:05:50 - Checking status | {"task_id":"019a511e-3126-7bfa-aa30-3de444607c6e"}
00:05:50 - API Response | {"code":200}
00:05:50 - Task state | {"status":"in_progress","progress":20}
00:05:55 - Checking status | {"task_id":"019a511e-3126-7bfa-aa30-3de444607c6e"}
00:05:56 - API Response | {"code":200}
00:05:56 - Task state | {"status":"in_progress","progress":49}
00:06:01 - Checking status | {"task_id":"019a511e-3126-7bfa-aa30-3de444607c6e"}
00:06:01 - API Response | {"code":200}
00:06:01 - Task state | {"status":"in_progress","progress":49}
00:06:07 - Checking status | {"task_id":"019a511e-3126-7bfa-aa30-3de444607c6e"}
00:06:07 - API Response | {"code":200}
00:06:07 - Task state | {"status":"in_progress","progress":49}
00:06:12 - Checking status | {"task_id":"019a511e-3126-7bfa-aa30-3de444607c6e"}
00:06:13 - API Response | {"code":200}
00:06:13 - Task state | {"status":"in_progress","progress":49}
00:06:18 - Checking status | {"task_id":"019a511e-3126-7bfa-aa30-3de444607c6e"}
00:06:18 - API Response | {"code":200}
00:06:18 - Task state | {"status":"in_progress","progress":49}
00:06:23 - Checking status | {"task_id":"019a511e-3126-7bfa-aa30-3de444607c6e"}
00:06:24 - API Response | {"code":200}
00:06:24 - Task state | {"status":"in_progress","progress":49}
00:06:29 - Checking status | {"task_id":"019a511e-3126-7bfa-aa30-3de444607c6e"}
00:06:29 - API Response | {"code":200}
00:06:29 - Task state | {"status":"in_progress","progress":49}
00:06:34 - Checking status | {"task_id":"019a511e-3126-7bfa-aa30-3de444607c6e"}
00:06:35 - API Response | {"code":200}
00:06:35 - Task state | {"status":"in_progress","progress":49}
00:06:40 - Checking status | {"task_id":"019a511e-3126-7bfa-aa30-3de444607c6e"}
00:06:41 - API Response | {"code":200}
00:06:41 - Task state | {"status":"in_progress","progress":49}
00:06:46 - Checking status | {"task_id":"019a511e-3126-7bfa-aa30-3de444607c6e"}
00:06:46 - API Response | {"code":200}
00:06:46 - Task state | {"status":"in_progress","progress":49}
00:06:51 - Checking status | {"task_id":"019a511e-3126-7bfa-aa30-3de444607c6e"}
00:06:52 - API Response | {"code":200}
00:06:52 - Task state | {"status":"in_progress","progress":49}
00:06:57 - Checking status | {"task_id":"019a511e-3126-7bfa-aa30-3de444607c6e"}
00:06:57 - API Response | {"code":200}
00:06:57 - Task state | {"status":"in_progress","progress":49}
00:07:02 - Checking status | {"task_id":"019a511e-3126-7bfa-aa30-3de444607c6e"}
00:07:03 - API Response | {"code":200}
00:07:03 - Task state | {"status":"in_progress","progress":49}
00:07:08 - Checking status | {"task_id":"019a511e-3126-7bfa-aa30-3de444607c6e"}
00:07:09 - API Response | {"code":200}
00:07:09 - Task state | {"status":"in_progress","progress":49}
00:07:14 - Checking status | {"task_id":"019a511e-3126-7bfa-aa30-3de444607c6e"}
00:07:14 - API Response | {"code":200}
00:07:14 - Task state | {"status":"in_progress","progress":50}
00:07:19 - Checking status | {"task_id":"019a511e-3126-7bfa-aa30-3de444607c6e"}
00:07:20 - API Response | {"code":200}
00:07:20 - Task state | {"status":"in_progress","progress":66}
00:07:25 - Checking status | {"task_id":"019a511e-3126-7bfa-aa30-3de444607c6e"}
00:07:25 - API Response | {"code":200}
00:07:25 - Task state | {"status":"in_progress","progress":76}
00:07:30 - Checking status | {"task_id":"019a511e-3126-7bfa-aa30-3de444607c6e"}
00:07:31 - API Response | {"code":200}
00:07:31 - Task state | {"status":"in_progress","progress":97}
00:07:36 - Checking status | {"task_id":"019a511e-3126-7bfa-aa30-3de444607c6e"}
00:07:37 - API Response | {"code":200}
00:07:37 - Task state | {"status":"in_progress","progress":99}
00:07:42 - Checking status | {"task_id":"019a511e-3126-7bfa-aa30-3de444607c6e"}
00:07:42 - API Response | {"code":200}
00:07:42 - Task state | {"status":"in_progress","progress":99}
00:07:47 - Checking status | {"task_id":"019a511e-3126-7bfa-aa30-3de444607c6e"}
00:07:48 - API Response | {"code":200}
00:07:48 - Task state | {"status":"succeeded","progress":100}
00:07:48 - Model URL found | {"url":"https:\/\/assets.meshy.ai\/3b7a3bf4-2114-49b6-b91c-d1ee797186b9\/tasks\/019a511e-3126-7bfa-aa30-3de444607c6e\/output\/model.glb?Expires=1762556864&Signature=F9vJl97jhlmg0WiltlHHaKyU1BEvjQJfmgKjERQ3oCZT4mGKupRDPk09cnw~Jft2r931J8qSonne4XkIdlpqWCYk41JnAa~qqCoDa34c2E4cjztMrlep5WSEAwnik4LgMZ8tt4VZ7ASKdHgTMHAAQOI1mLqovRY3hGSIiJCrPvjgcVmEVtUhaLXCD1mvI~Aq3O3~DDFPm9vUrxVeToeY~ugAuZBmw6wjTUuQqGnvYh-VrD-1ab8Z~a~EI7~TaLGZaIkWpz1rWjirOqMRvvhw1GdHtx1haNOSyiJAdDU56TJ3jQ-qVSKQTojZwhvW64G182KBT2mOJ5lCo4fnEJHNVw__&Key-Pair-Id=KL5I0C8H7HX83"}
00:07:48 - Model downloaded successfully | {"path":"C:\\xampp\\htdocs\\starroofing\\admin\\meshy\/..\/..\/uploads\/3dmodels\/model_690a874443f7e.glb","relative_path":"uploads\/3dmodels\/model_690a874443f7e.glb","size":8373980}
00:07:48 - Database updated | {"id":13}
00:07:48 - Product table updated | {"product_id":23}
00:16:39 - === meshy_upload.php started ===
00:16:39 - POST data | {"product_id":"26","image_path":"uploads\/products\/1762293218_690a75e23be5b.png"}
00:16:39 - FILES data | "NO"
00:16:39 - Using product image mode
00:16:39 - Attempting to load image | {"original_path":"uploads\/products\/1762293218_690a75e23be5b.png","full_path":"C:\\xampp\\htdocs\\starroofing\\admin\\meshy\/..\/..\/uploads\/products\/1762293218_690a75e23be5b.png","exists":true}
00:16:39 - Product image loaded | {"path":"C:\\xampp\\htdocs\\starroofing\\admin\\meshy\/..\/..\/uploads\/products\/1762293218_690a75e23be5b.png","name":"1762293218_690a75e23be5b.png","type":"image\/png","size":115054,"hash":"9143ad8f425b54b954a7ca8878b39884"}
00:16:39 - No duplicate found, proceeding with API call
00:16:39 - Data URI created | {"length":153430}
00:16:39 - JSON payload size: 156863 bytes
00:16:40 - API Response | {"code":202,"response":"{\"result\":\"019a5128-8290-7230-9f59-7e700f74ee7d\"}"}
00:16:40 - Task created successfully: 019a5128-8290-7230-9f59-7e700f74ee7d
00:16:40 - Database record created for task: 019a5128-8290-7230-9f59-7e700f74ee7d
00:16:40 - Product table updated with task_id | {"product_id":26}
00:16:40 - === meshy_upload.php completed ===
00:16:44 - Checking status | {"task_id":"019a5128-8290-7230-9f59-7e700f74ee7d"}
00:16:44 - API Response | {"code":200}
00:16:44 - Task state | {"status":"in_progress","progress":20}
00:16:49 - Checking status | {"task_id":"019a5128-8290-7230-9f59-7e700f74ee7d"}
00:16:50 - API Response | {"code":200}
00:16:50 - Task state | {"status":"in_progress","progress":20}
00:16:55 - Checking status | {"task_id":"019a5128-8290-7230-9f59-7e700f74ee7d"}
00:16:55 - API Response | {"code":200}
00:16:55 - Task state | {"status":"in_progress","progress":20}
00:17:00 - Checking status | {"task_id":"019a5128-8290-7230-9f59-7e700f74ee7d"}
00:17:01 - API Response | {"code":200}
00:17:01 - Task state | {"status":"in_progress","progress":20}
00:17:06 - Checking status | {"task_id":"019a5128-8290-7230-9f59-7e700f74ee7d"}
00:17:07 - API Response | {"code":200}
00:17:07 - Task state | {"status":"in_progress","progress":20}
00:17:12 - Checking status | {"task_id":"019a5128-8290-7230-9f59-7e700f74ee7d"}
00:17:12 - API Response | {"code":200}
00:17:12 - Task state | {"status":"in_progress","progress":49}
00:17:17 - Checking status | {"task_id":"019a5128-8290-7230-9f59-7e700f74ee7d"}
00:17:18 - API Response | {"code":200}
00:17:18 - Task state | {"status":"in_progress","progress":49}
00:17:23 - Checking status | {"task_id":"019a5128-8290-7230-9f59-7e700f74ee7d"}
00:17:23 - API Response | {"code":200}
00:17:23 - Task state | {"status":"in_progress","progress":49}
00:17:28 - Checking status | {"task_id":"019a5128-8290-7230-9f59-7e700f74ee7d"}
00:17:29 - API Response | {"code":200}
00:17:29 - Task state | {"status":"in_progress","progress":49}
00:17:34 - Checking status | {"task_id":"019a5128-8290-7230-9f59-7e700f74ee7d"}
00:17:34 - API Response | {"code":200}
00:17:34 - Task state | {"status":"in_progress","progress":49}
00:17:40 - Checking status | {"task_id":"019a5128-8290-7230-9f59-7e700f74ee7d"}
00:17:40 - API Response | {"code":200}
00:17:40 - Task state | {"status":"in_progress","progress":49}
00:17:45 - Checking status | {"task_id":"019a5128-8290-7230-9f59-7e700f74ee7d"}
00:17:46 - API Response | {"code":200}
00:17:46 - Task state | {"status":"in_progress","progress":49}
00:17:51 - Checking status | {"task_id":"019a5128-8290-7230-9f59-7e700f74ee7d"}
00:17:51 - API Response | {"code":200}
00:17:51 - Task state | {"status":"in_progress","progress":49}
00:17:56 - Checking status | {"task_id":"019a5128-8290-7230-9f59-7e700f74ee7d"}
00:17:57 - API Response | {"code":200}
00:17:57 - Task state | {"status":"in_progress","progress":49}
00:18:02 - Checking status | {"task_id":"019a5128-8290-7230-9f59-7e700f74ee7d"}
00:18:02 - API Response | {"code":200}
00:18:02 - Task state | {"status":"in_progress","progress":49}
00:18:07 - Checking status | {"task_id":"019a5128-8290-7230-9f59-7e700f74ee7d"}
00:18:08 - API Response | {"code":200}
00:18:08 - Task state | {"status":"in_progress","progress":49}
00:18:13 - Checking status | {"task_id":"019a5128-8290-7230-9f59-7e700f74ee7d"}
00:18:14 - API Response | {"code":200}
00:18:14 - Task state | {"status":"in_progress","progress":50}
00:18:19 - Checking status | {"task_id":"019a5128-8290-7230-9f59-7e700f74ee7d"}
00:18:19 - API Response | {"code":200}
00:18:19 - Task state | {"status":"in_progress","progress":61}
00:18:24 - Checking status | {"task_id":"019a5128-8290-7230-9f59-7e700f74ee7d"}
00:18:25 - API Response | {"code":200}
00:18:25 - Task state | {"status":"in_progress","progress":76}
00:18:30 - Checking status | {"task_id":"019a5128-8290-7230-9f59-7e700f74ee7d"}
00:18:30 - API Response | {"code":200}
00:18:30 - Task state | {"status":"in_progress","progress":97}
00:18:35 - Checking status | {"task_id":"019a5128-8290-7230-9f59-7e700f74ee7d"}
00:18:36 - API Response | {"code":200}
00:18:36 - Task state | {"status":"in_progress","progress":99}
00:18:41 - Checking status | {"task_id":"019a5128-8290-7230-9f59-7e700f74ee7d"}
00:18:42 - API Response | {"code":200}
00:18:42 - Task state | {"status":"in_progress","progress":99}
00:18:47 - Checking status | {"task_id":"019a5128-8290-7230-9f59-7e700f74ee7d"}
00:18:47 - API Response | {"code":200}
00:18:47 - Task state | {"status":"succeeded","progress":100}
00:18:47 - Model URL found | {"url":"https:\/\/assets.meshy.ai\/3b7a3bf4-2114-49b6-b91c-d1ee797186b9\/tasks\/019a5128-8290-7230-9f59-7e700f74ee7d\/output\/model.glb?Expires=1762557526&Signature=HfJIGJl~wc85VvM28CdbFbiFkhKMdPWgIX8flXDqu39iO8i9as6~XDjVV1X2p59Cp1rl1m5hoYVuuXsdXnyTaVsTx8OP-kYCWunogmnxGt9b-W~HQoHHlBL2lSG2jVHcVzqTxyQx7zDquHOScmiNDnM-~jm8IFnNJFJebpcwQ90KMybNIAfVaimxlPAOqGzOXgF8c-Kh5UCJT3RT~d6cNjg1LIWxTHRcpRoX~xu2qTdRlQfe-qqP6344n5Hzqb2oryvdqDDPExvIE13Ecc6WIxQNwVu0rnXNCoF~0gehiVzpWCUFKGOadwYY-rYNOGEavZelqyFq7f38jWNTg2L2xg__&Key-Pair-Id=KL5I0C8H7HX83"}
00:18:48 - Model downloaded successfully | {"path":"C:\\xampp\\htdocs\\starroofing\\admin\\meshy\/..\/..\/uploads\/3dmodels\/model_690a89d7b21c9.glb","relative_path":"uploads\/3dmodels\/model_690a89d7b21c9.glb","size":7533064}
00:18:48 - Database updated | {"id":14}
00:18:48 - Product table updated | {"product_id":26}
00:20:33 - === meshy_upload.php started ===
00:20:33 - POST data | {"product_id":"20","image_path":"uploads\/products\/1762291228_690a6e1cd85df.png"}
00:20:33 - FILES data | "NO"
00:20:33 - Using product image mode
00:20:33 - Attempting to load image | {"original_path":"uploads\/products\/1762291228_690a6e1cd85df.png","full_path":"C:\\xampp\\htdocs\\starroofing\\admin\\meshy\/..\/..\/uploads\/products\/1762291228_690a6e1cd85df.png","exists":true}
00:20:33 - Product image loaded | {"path":"C:\\xampp\\htdocs\\starroofing\\admin\\meshy\/..\/..\/uploads\/products\/1762291228_690a6e1cd85df.png","name":"1762291228_690a6e1cd85df.png","type":"image\/png","size":147305,"hash":"067a2b85554ca73ad3ea8eb54b901982"}
00:20:33 - No duplicate found, proceeding with API call
00:20:33 - Data URI created | {"length":196430}
00:20:33 - JSON payload size: 200527 bytes
00:20:34 - API Response | {"code":202,"response":"{\"result\":\"019a512c-1201-7c0b-bec6-38d5a4b0c18c\"}"}
00:20:34 - Task created successfully: 019a512c-1201-7c0b-bec6-38d5a4b0c18c
00:20:34 - Database record created for task: 019a512c-1201-7c0b-bec6-38d5a4b0c18c
00:20:34 - Product table updated with task_id | {"product_id":20}
00:20:34 - === meshy_upload.php completed ===
00:20:37 - Checking status | {"task_id":"019a512c-1201-7c0b-bec6-38d5a4b0c18c"}
00:20:37 - API Response | {"code":200}
00:20:37 - Task state | {"status":"in_progress","progress":20}
00:20:43 - Checking status | {"task_id":"019a512c-1201-7c0b-bec6-38d5a4b0c18c"}
00:20:44 - API Response | {"code":200}
00:20:44 - Task state | {"status":"in_progress","progress":20}
00:20:49 - Checking status | {"task_id":"019a512c-1201-7c0b-bec6-38d5a4b0c18c"}
00:20:50 - API Response | {"code":200}
00:20:50 - Task state | {"status":"in_progress","progress":20}
00:20:55 - Checking status | {"task_id":"019a512c-1201-7c0b-bec6-38d5a4b0c18c"}
00:20:55 - API Response | {"code":200}
00:20:55 - Task state | {"status":"in_progress","progress":20}
00:21:01 - Checking status | {"task_id":"019a512c-1201-7c0b-bec6-38d5a4b0c18c"}
00:21:01 - API Response | {"code":200}
00:21:01 - Task state | {"status":"in_progress","progress":20}
00:21:07 - Checking status | {"task_id":"019a512c-1201-7c0b-bec6-38d5a4b0c18c"}
00:21:07 - API Response | {"code":200}
00:21:07 - Task state | {"status":"in_progress","progress":20}
00:21:13 - Checking status | {"task_id":"019a512c-1201-7c0b-bec6-38d5a4b0c18c"}
00:21:14 - API Response | {"code":200}
00:21:14 - Task state | {"status":"in_progress","progress":20}
00:21:19 - Checking status | {"task_id":"019a512c-1201-7c0b-bec6-38d5a4b0c18c"}
00:21:20 - API Response | {"code":200}
00:21:20 - Task state | {"status":"in_progress","progress":20}
00:21:25 - Checking status | {"task_id":"019a512c-1201-7c0b-bec6-38d5a4b0c18c"}
00:21:26 - API Response | {"code":200}
00:21:26 - Task state | {"status":"in_progress","progress":20}
00:21:31 - Checking status | {"task_id":"019a512c-1201-7c0b-bec6-38d5a4b0c18c"}
00:21:31 - API Response | {"code":200}
00:21:31 - Task state | {"status":"in_progress","progress":20}
00:21:37 - Checking status | {"task_id":"019a512c-1201-7c0b-bec6-38d5a4b0c18c"}
00:21:37 - API Response | {"code":200}
00:21:37 - Task state | {"status":"in_progress","progress":49}
00:21:42 - Checking status | {"task_id":"019a512c-1201-7c0b-bec6-38d5a4b0c18c"}
00:21:43 - API Response | {"code":200}
00:21:43 - Task state | {"status":"in_progress","progress":49}
00:21:48 - Checking status | {"task_id":"019a512c-1201-7c0b-bec6-38d5a4b0c18c"}
00:21:48 - API Response | {"code":200}
00:21:48 - Task state | {"status":"in_progress","progress":49}
00:21:53 - Checking status | {"task_id":"019a512c-1201-7c0b-bec6-38d5a4b0c18c"}
00:21:54 - API Response | {"code":200}
00:21:54 - Task state | {"status":"in_progress","progress":49}
00:21:59 - Checking status | {"task_id":"019a512c-1201-7c0b-bec6-38d5a4b0c18c"}
00:21:59 - API Response | {"code":200}
00:21:59 - Task state | {"status":"in_progress","progress":49}
00:22:04 - Checking status | {"task_id":"019a512c-1201-7c0b-bec6-38d5a4b0c18c"}
00:22:05 - API Response | {"code":200}
00:22:05 - Task state | {"status":"in_progress","progress":49}
00:22:10 - Checking status | {"task_id":"019a512c-1201-7c0b-bec6-38d5a4b0c18c"}
00:22:11 - API Response | {"code":200}
00:22:11 - Task state | {"status":"in_progress","progress":49}
00:22:16 - Checking status | {"task_id":"019a512c-1201-7c0b-bec6-38d5a4b0c18c"}
00:22:16 - API Response | {"code":200}
00:22:16 - Task state | {"status":"in_progress","progress":49}
00:22:21 - Checking status | {"task_id":"019a512c-1201-7c0b-bec6-38d5a4b0c18c"}
00:22:22 - API Response | {"code":200}
00:22:22 - Task state | {"status":"in_progress","progress":49}
00:22:27 - Checking status | {"task_id":"019a512c-1201-7c0b-bec6-38d5a4b0c18c"}
00:22:27 - API Response | {"code":200}
00:22:27 - Task state | {"status":"in_progress","progress":49}
00:22:32 - Checking status | {"task_id":"019a512c-1201-7c0b-bec6-38d5a4b0c18c"}
00:22:33 - API Response | {"code":200}
00:22:33 - Task state | {"status":"in_progress","progress":49}
00:22:38 - Checking status | {"task_id":"019a512c-1201-7c0b-bec6-38d5a4b0c18c"}
00:22:39 - API Response | {"code":200}
00:22:39 - Task state | {"status":"in_progress","progress":49}
00:22:44 - Checking status | {"task_id":"019a512c-1201-7c0b-bec6-38d5a4b0c18c"}
00:22:44 - API Response | {"code":200}
00:22:44 - Task state | {"status":"in_progress","progress":49}
00:22:49 - Checking status | {"task_id":"019a512c-1201-7c0b-bec6-38d5a4b0c18c"}
00:22:50 - API Response | {"code":200}
00:22:50 - Task state | {"status":"in_progress","progress":49}
00:22:55 - Checking status | {"task_id":"019a512c-1201-7c0b-bec6-38d5a4b0c18c"}
00:22:55 - API Response | {"code":200}
00:22:55 - Task state | {"status":"in_progress","progress":49}
00:23:00 - Checking status | {"task_id":"019a512c-1201-7c0b-bec6-38d5a4b0c18c"}
00:23:01 - API Response | {"code":200}
00:23:01 - Task state | {"status":"in_progress","progress":49}
00:23:06 - Checking status | {"task_id":"019a512c-1201-7c0b-bec6-38d5a4b0c18c"}
00:23:07 - API Response | {"code":200}
00:23:07 - Task state | {"status":"in_progress","progress":49}
00:23:12 - Checking status | {"task_id":"019a512c-1201-7c0b-bec6-38d5a4b0c18c"}
00:23:12 - API Response | {"code":200}
00:23:12 - Task state | {"status":"in_progress","progress":49}
00:23:17 - Checking status | {"task_id":"019a512c-1201-7c0b-bec6-38d5a4b0c18c"}
00:23:18 - API Response | {"code":200}
00:23:18 - Task state | {"status":"in_progress","progress":49}
00:23:23 - Checking status | {"task_id":"019a512c-1201-7c0b-bec6-38d5a4b0c18c"}
00:23:23 - API Response | {"code":200}
00:23:23 - Task state | {"status":"in_progress","progress":49}
00:23:28 - Checking status | {"task_id":"019a512c-1201-7c0b-bec6-38d5a4b0c18c"}
00:23:29 - API Response | {"code":200}
00:23:29 - Task state | {"status":"in_progress","progress":49}
00:23:34 - Checking status | {"task_id":"019a512c-1201-7c0b-bec6-38d5a4b0c18c"}
00:23:35 - API Response | {"code":200}
00:23:35 - Task state | {"status":"in_progress","progress":49}
00:23:40 - Checking status | {"task_id":"019a512c-1201-7c0b-bec6-38d5a4b0c18c"}
00:23:40 - API Response | {"code":200}
00:23:40 - Task state | {"status":"in_progress","progress":49}
00:23:45 - Checking status | {"task_id":"019a512c-1201-7c0b-bec6-38d5a4b0c18c"}
00:23:46 - API Response | {"code":200}
00:23:46 - Task state | {"status":"in_progress","progress":49}
00:23:51 - Checking status | {"task_id":"019a512c-1201-7c0b-bec6-38d5a4b0c18c"}
00:23:51 - API Response | {"code":200}
00:23:51 - Task state | {"status":"in_progress","progress":49}
00:23:56 - Checking status | {"task_id":"019a512c-1201-7c0b-bec6-38d5a4b0c18c"}
00:23:57 - API Response | {"code":200}
00:23:57 - Task state | {"status":"in_progress","progress":50}
00:24:02 - Checking status | {"task_id":"019a512c-1201-7c0b-bec6-38d5a4b0c18c"}
00:24:03 - API Response | {"code":200}
00:24:03 - Task state | {"status":"in_progress","progress":60}
00:24:08 - Checking status | {"task_id":"019a512c-1201-7c0b-bec6-38d5a4b0c18c"}
00:24:08 - API Response | {"code":200}
00:24:08 - Task state | {"status":"in_progress","progress":76}
00:24:13 - Checking status | {"task_id":"019a512c-1201-7c0b-bec6-38d5a4b0c18c"}
00:24:14 - API Response | {"code":200}
00:24:14 - Task state | {"status":"in_progress","progress":76}
00:24:19 - Checking status | {"task_id":"019a512c-1201-7c0b-bec6-38d5a4b0c18c"}
00:24:19 - API Response | {"code":200}
00:24:19 - Task state | {"status":"in_progress","progress":97}
00:24:24 - Checking status | {"task_id":"019a512c-1201-7c0b-bec6-38d5a4b0c18c"}
00:24:25 - API Response | {"code":200}
00:24:25 - Task state | {"status":"in_progress","progress":99}
00:24:30 - Checking status | {"task_id":"019a512c-1201-7c0b-bec6-38d5a4b0c18c"}
00:24:31 - API Response | {"code":200}
00:24:31 - Task state | {"status":"in_progress","progress":99}
00:24:36 - Checking status | {"task_id":"019a512c-1201-7c0b-bec6-38d5a4b0c18c"}
00:24:36 - API Response | {"code":200}
00:24:36 - Task state | {"status":"succeeded","progress":100}
00:24:36 - Model URL found | {"url":"https:\/\/assets.meshy.ai\/3b7a3bf4-2114-49b6-b91c-d1ee797186b9\/tasks\/019a512c-1201-7c0b-bec6-38d5a4b0c18c\/output\/model.glb?Expires=1762557871&Signature=hyA6m~NW7120KRgXn1uno3oC12Np14YFWEfxr4MT4L34rlmJ4v9unXhZgPYY333ZT7OCnW2D45HfK7UEJCFbtvUk1NiPJEDVryb70WnnZ30-RnUXtElQdjmfjWYwIGlyD2~l4W8kb2mB~JbTDKWX8dvm~AULRkjemM~ZJ6X3PfyV6j79zS~XRpCsnQnfuB05lIaiSr-OTaKkm0ptP1H2PyVwXKmi7SPBYg4sL6mD9z3Clu4AOPiwpd6XXSW4lZI-r8Z6qyDh2Ram5QCtGVkCnTiy68-qIBIu69lv~GJPNXf-9EHqLd2Kk~UfB31i7Et0JKCDz~GnUbG6hg8amsL-Qg__&Key-Pair-Id=KL5I0C8H7HX83"}
00:24:37 - Model downloaded successfully | {"path":"C:\\xampp\\htdocs\\starroofing\\admin\\meshy\/..\/..\/uploads\/3dmodels\/model_690a8b34ac3e6.glb","relative_path":"uploads\/3dmodels\/model_690a8b34ac3e6.glb","size":6622724}
00:24:37 - Database updated | {"id":15}
00:24:37 - Product table updated | {"product_id":20}
00:26:33 - === meshy_upload.php started ===
00:26:33 - POST data | {"product_id":"19","image_path":"uploads\/products\/1762291126_690a6db675104.png"}
00:26:33 - FILES data | "NO"
00:26:33 - Using product image mode
00:26:33 - Attempting to load image | {"original_path":"uploads\/products\/1762291126_690a6db675104.png","full_path":"C:\\xampp\\htdocs\\starroofing\\admin\\meshy\/..\/..\/uploads\/products\/1762291126_690a6db675104.png","exists":true}
00:26:33 - Product image loaded | {"path":"C:\\xampp\\htdocs\\starroofing\\admin\\meshy\/..\/..\/uploads\/products\/1762291126_690a6db675104.png","name":"1762291126_690a6db675104.png","type":"image\/png","size":1236004,"hash":"af8a09f6fc2bca15d18637675d19ebb4"}
00:26:33 - No duplicate found, proceeding with API call
00:26:33 - Data URI created | {"length":1648030}
00:26:33 - JSON payload size: 1676905 bytes
00:26:34 - API Response | {"code":202,"response":"{\"result\":\"019a5131-9136-72e6-9785-0466ad953ebe\"}"}
00:26:34 - Task created successfully: 019a5131-9136-72e6-9785-0466ad953ebe
00:26:34 - Database record created for task: 019a5131-9136-72e6-9785-0466ad953ebe
00:26:34 - Product table updated with task_id | {"product_id":19}
00:26:34 - === meshy_upload.php completed ===
00:26:37 - Checking status | {"task_id":"019a5131-9136-72e6-9785-0466ad953ebe"}
00:26:38 - API Response | {"code":200}
00:26:38 - Task state | {"status":"in_progress","progress":20}
00:26:43 - Checking status | {"task_id":"019a5131-9136-72e6-9785-0466ad953ebe"}
00:26:44 - API Response | {"code":200}
00:26:44 - Task state | {"status":"in_progress","progress":20}
00:26:49 - Checking status | {"task_id":"019a5131-9136-72e6-9785-0466ad953ebe"}
00:26:49 - API Response | {"code":200}
00:26:49 - Task state | {"status":"in_progress","progress":20}
00:26:54 - Checking status | {"task_id":"019a5131-9136-72e6-9785-0466ad953ebe"}
00:26:55 - API Response | {"code":200}
00:26:55 - Task state | {"status":"in_progress","progress":20}
00:27:00 - Checking status | {"task_id":"019a5131-9136-72e6-9785-0466ad953ebe"}
00:27:00 - API Response | {"code":200}
00:27:00 - Task state | {"status":"in_progress","progress":49}
00:27:06 - Checking status | {"task_id":"019a5131-9136-72e6-9785-0466ad953ebe"}
00:27:06 - API Response | {"code":200}
00:27:06 - Task state | {"status":"in_progress","progress":49}
00:27:12 - Checking status | {"task_id":"019a5131-9136-72e6-9785-0466ad953ebe"}
00:27:12 - API Response | {"code":200}
00:27:12 - Task state | {"status":"in_progress","progress":49}
00:27:17 - Checking status | {"task_id":"019a5131-9136-72e6-9785-0466ad953ebe"}
00:27:18 - API Response | {"code":200}
00:27:18 - Task state | {"status":"in_progress","progress":49}
00:27:23 - Checking status | {"task_id":"019a5131-9136-72e6-9785-0466ad953ebe"}
00:27:23 - API Response | {"code":200}
00:27:23 - Task state | {"status":"in_progress","progress":49}
00:27:28 - Checking status | {"task_id":"019a5131-9136-72e6-9785-0466ad953ebe"}
00:27:29 - API Response | {"code":200}
00:27:29 - Task state | {"status":"in_progress","progress":49}
00:27:34 - Checking status | {"task_id":"019a5131-9136-72e6-9785-0466ad953ebe"}
00:27:34 - API Response | {"code":200}
00:27:34 - Task state | {"status":"in_progress","progress":49}
00:27:39 - Checking status | {"task_id":"019a5131-9136-72e6-9785-0466ad953ebe"}
00:27:40 - API Response | {"code":200}
00:27:40 - Task state | {"status":"in_progress","progress":49}
00:27:45 - Checking status | {"task_id":"019a5131-9136-72e6-9785-0466ad953ebe"}
00:27:46 - API Response | {"code":200}
00:27:46 - Task state | {"status":"in_progress","progress":49}
00:27:51 - Checking status | {"task_id":"019a5131-9136-72e6-9785-0466ad953ebe"}
00:27:51 - API Response | {"code":200}
00:27:51 - Task state | {"status":"in_progress","progress":49}
00:27:56 - Checking status | {"task_id":"019a5131-9136-72e6-9785-0466ad953ebe"}
00:27:57 - API Response | {"code":200}
00:27:57 - Task state | {"status":"in_progress","progress":49}
00:28:02 - Checking status | {"task_id":"019a5131-9136-72e6-9785-0466ad953ebe"}
00:28:02 - API Response | {"code":200}
00:28:02 - Task state | {"status":"in_progress","progress":49}
00:28:07 - Checking status | {"task_id":"019a5131-9136-72e6-9785-0466ad953ebe"}
00:28:08 - API Response | {"code":200}
00:28:08 - Task state | {"status":"in_progress","progress":50}
00:28:13 - Checking status | {"task_id":"019a5131-9136-72e6-9785-0466ad953ebe"}
00:28:14 - API Response | {"code":200}
00:28:14 - Task state | {"status":"in_progress","progress":66}
00:28:19 - Checking status | {"task_id":"019a5131-9136-72e6-9785-0466ad953ebe"}
00:28:19 - API Response | {"code":200}
00:28:19 - Task state | {"status":"in_progress","progress":76}
00:28:24 - Checking status | {"task_id":"019a5131-9136-72e6-9785-0466ad953ebe"}
00:28:25 - API Response | {"code":200}
00:28:25 - Task state | {"status":"in_progress","progress":97}
00:28:30 - Checking status | {"task_id":"019a5131-9136-72e6-9785-0466ad953ebe"}
00:28:30 - API Response | {"code":200}
00:28:30 - Task state | {"status":"in_progress","progress":99}
00:28:35 - Checking status | {"task_id":"019a5131-9136-72e6-9785-0466ad953ebe"}
00:28:36 - API Response | {"code":200}
00:28:36 - Task state | {"status":"in_progress","progress":99}
00:28:41 - Checking status | {"task_id":"019a5131-9136-72e6-9785-0466ad953ebe"}
00:28:42 - API Response | {"code":200}
00:28:42 - Task state | {"status":"succeeded","progress":100}
00:28:42 - Model URL found | {"url":"https:\/\/assets.meshy.ai\/3b7a3bf4-2114-49b6-b91c-d1ee797186b9\/tasks\/019a5131-9136-72e6-9785-0466ad953ebe\/output\/model.glb?Expires=1762558118&Signature=mRAmWKgg-w7N1-gT65RibAfkX16rxD0oNsckqxdPOKEwNSl11eh8Vnhr~lOYXS8Kd3soFU-CxfAeKK45ITsWJxM9b2zOyGFIMrrl90yAEMk7Q4QoAda5VLxM6~f0BUbXgy~fR3ydu1EUJXpUdPMh-ZuCPX4rDkD~VFxcpLABWcGGYCy4W6goepgw5N5CogHM-6j2q6WvLtrKqULV-Y2I2VWnqPj1IMTzCgkOBiKXCKWqJ1okB9hlbo39TB8aD~Um3m7dx~cvXn8rej5DDSmW7~KlSe3BPFvx74BwKR-~OdOC9LrC1p2GKowDarIJxxOpITLszVZqre~5egSyHsvFsA__&Key-Pair-Id=KL5I0C8H7HX83"}
00:28:42 - Model downloaded successfully | {"path":"C:\\xampp\\htdocs\\starroofing\\admin\\meshy\/..\/..\/uploads\/3dmodels\/model_690a8c2a10f32.glb","relative_path":"uploads\/3dmodels\/model_690a8c2a10f32.glb","size":7156704}
00:28:42 - Database updated | {"id":16}
00:28:42 - Product table updated | {"product_id":19}
00:42:42 - === meshy_upload.php started ===
00:42:42 - POST data | {"product_id":"25","image_path":"uploads\/products\/1762291456_690a6f005fb3a.jpg"}
00:42:42 - FILES data | "NO"
00:42:42 - Using product image mode
00:42:42 - Attempting to load image | {"original_path":"uploads\/products\/1762291456_690a6f005fb3a.jpg","full_path":"C:\\xampp\\htdocs\\starroofing\\admin\\meshy\/..\/..\/uploads\/products\/1762291456_690a6f005fb3a.jpg","exists":true}
00:42:42 - Product image loaded | {"path":"C:\\xampp\\htdocs\\starroofing\\admin\\meshy\/..\/..\/uploads\/products\/1762291456_690a6f005fb3a.jpg","name":"1762291456_690a6f005fb3a.jpg","type":"image\/jpeg","size":168405,"hash":"602ff53785827a8f0cecbbcf997a384f"}
00:42:42 - No duplicate found, proceeding with API call
00:42:42 - Data URI created | {"length":224563}
00:42:42 - JSON payload size: 225330 bytes
00:42:43 - API Response | {"code":202,"response":"{\"result\":\"019a5140-5b1d-7f2c-ba1c-c8c96a185ce5\"}"}
00:42:43 - Task created successfully: 019a5140-5b1d-7f2c-ba1c-c8c96a185ce5
00:42:43 - Database record created for task: 019a5140-5b1d-7f2c-ba1c-c8c96a185ce5
00:42:43 - Product table updated with task_id | {"product_id":25}
00:42:43 - === meshy_upload.php completed ===
00:42:46 - Checking status | {"task_id":"019a5140-5b1d-7f2c-ba1c-c8c96a185ce5"}
00:42:47 - API Response | {"code":200}
00:42:47 - Task state | {"status":"in_progress","progress":20}
00:42:52 - Checking status | {"task_id":"019a5140-5b1d-7f2c-ba1c-c8c96a185ce5"}
00:42:53 - API Response | {"code":200}
00:42:53 - Task state | {"status":"in_progress","progress":20}
00:42:58 - Checking status | {"task_id":"019a5140-5b1d-7f2c-ba1c-c8c96a185ce5"}
00:42:58 - API Response | {"code":200}
00:42:58 - Task state | {"status":"in_progress","progress":20}
00:43:03 - Checking status | {"task_id":"019a5140-5b1d-7f2c-ba1c-c8c96a185ce5"}
00:43:04 - API Response | {"code":200}
00:43:04 - Task state | {"status":"in_progress","progress":20}
00:43:09 - Checking status | {"task_id":"019a5140-5b1d-7f2c-ba1c-c8c96a185ce5"}
00:43:10 - API Response | {"code":200}
00:43:10 - Task state | {"status":"in_progress","progress":20}
00:43:15 - Checking status | {"task_id":"019a5140-5b1d-7f2c-ba1c-c8c96a185ce5"}
00:43:15 - API Response | {"code":200}
00:43:15 - Task state | {"status":"in_progress","progress":20}
00:43:20 - Checking status | {"task_id":"019a5140-5b1d-7f2c-ba1c-c8c96a185ce5"}
00:43:21 - API Response | {"code":200}
00:43:21 - Task state | {"status":"in_progress","progress":20}
00:43:26 - Checking status | {"task_id":"019a5140-5b1d-7f2c-ba1c-c8c96a185ce5"}
00:43:26 - API Response | {"code":200}
00:43:26 - Task state | {"status":"in_progress","progress":20}
00:43:31 - Checking status | {"task_id":"019a5140-5b1d-7f2c-ba1c-c8c96a185ce5"}
00:43:32 - API Response | {"code":200}
00:43:32 - Task state | {"status":"in_progress","progress":20}
00:43:37 - Checking status | {"task_id":"019a5140-5b1d-7f2c-ba1c-c8c96a185ce5"}
00:43:38 - API Response | {"code":200}
00:43:38 - Task state | {"status":"in_progress","progress":20}
00:43:43 - Checking status | {"task_id":"019a5140-5b1d-7f2c-ba1c-c8c96a185ce5"}
00:43:43 - API Response | {"code":200}
00:43:43 - Task state | {"status":"in_progress","progress":20}
00:43:48 - Checking status | {"task_id":"019a5140-5b1d-7f2c-ba1c-c8c96a185ce5"}
00:43:49 - API Response | {"code":200}
00:43:49 - Task state | {"status":"in_progress","progress":20}
00:43:54 - Checking status | {"task_id":"019a5140-5b1d-7f2c-ba1c-c8c96a185ce5"}
00:43:54 - API Response | {"code":200}
00:43:54 - Task state | {"status":"in_progress","progress":20}
00:43:59 - Checking status | {"task_id":"019a5140-5b1d-7f2c-ba1c-c8c96a185ce5"}
00:44:00 - API Response | {"code":200}
00:44:00 - Task state | {"status":"in_progress","progress":20}
00:44:05 - Checking status | {"task_id":"019a5140-5b1d-7f2c-ba1c-c8c96a185ce5"}
00:44:06 - API Response | {"code":200}
00:44:06 - Task state | {"status":"in_progress","progress":20}
00:44:11 - Checking status | {"task_id":"019a5140-5b1d-7f2c-ba1c-c8c96a185ce5"}
00:44:11 - API Response | {"code":200}
00:44:11 - Task state | {"status":"in_progress","progress":20}
00:44:16 - Checking status | {"task_id":"019a5140-5b1d-7f2c-ba1c-c8c96a185ce5"}
00:44:17 - API Response | {"code":200}
00:44:17 - Task state | {"status":"in_progress","progress":20}
00:44:22 - Checking status | {"task_id":"019a5140-5b1d-7f2c-ba1c-c8c96a185ce5"}
00:44:22 - API Response | {"code":200}
00:44:22 - Task state | {"status":"in_progress","progress":20}
00:44:27 - Checking status | {"task_id":"019a5140-5b1d-7f2c-ba1c-c8c96a185ce5"}
00:44:28 - API Response | {"code":200}
00:44:28 - Task state | {"status":"in_progress","progress":20}
00:44:33 - Checking status | {"task_id":"019a5140-5b1d-7f2c-ba1c-c8c96a185ce5"}
00:44:34 - API Response | {"code":200}
00:44:34 - Task state | {"status":"in_progress","progress":20}
00:44:39 - Checking status | {"task_id":"019a5140-5b1d-7f2c-ba1c-c8c96a185ce5"}
00:44:39 - API Response | {"code":200}
00:44:39 - Task state | {"status":"in_progress","progress":49}
00:44:44 - Checking status | {"task_id":"019a5140-5b1d-7f2c-ba1c-c8c96a185ce5"}
00:44:45 - API Response | {"code":200}
00:44:45 - Task state | {"status":"in_progress","progress":49}
00:44:50 - Checking status | {"task_id":"019a5140-5b1d-7f2c-ba1c-c8c96a185ce5"}
00:44:50 - API Response | {"code":200}
00:44:50 - Task state | {"status":"in_progress","progress":49}
00:44:55 - Checking status | {"task_id":"019a5140-5b1d-7f2c-ba1c-c8c96a185ce5"}
00:44:56 - API Response | {"code":200}
00:44:56 - Task state | {"status":"in_progress","progress":49}
00:45:01 - Checking status | {"task_id":"019a5140-5b1d-7f2c-ba1c-c8c96a185ce5"}
00:45:02 - API Response | {"code":200}
00:45:02 - Task state | {"status":"in_progress","progress":49}
00:45:07 - Checking status | {"task_id":"019a5140-5b1d-7f2c-ba1c-c8c96a185ce5"}
00:45:07 - API Response | {"code":200}
00:45:07 - Task state | {"status":"in_progress","progress":49}
00:45:12 - Checking status | {"task_id":"019a5140-5b1d-7f2c-ba1c-c8c96a185ce5"}
00:45:13 - API Response | {"code":200}
00:45:13 - Task state | {"status":"in_progress","progress":49}
00:45:18 - Checking status | {"task_id":"019a5140-5b1d-7f2c-ba1c-c8c96a185ce5"}
00:45:18 - API Response | {"code":200}
00:45:18 - Task state | {"status":"in_progress","progress":49}
00:45:23 - Checking status | {"task_id":"019a5140-5b1d-7f2c-ba1c-c8c96a185ce5"}
00:45:24 - API Response | {"code":200}
00:45:24 - Task state | {"status":"in_progress","progress":49}
00:45:29 - Checking status | {"task_id":"019a5140-5b1d-7f2c-ba1c-c8c96a185ce5"}
00:45:30 - API Response | {"code":200}
00:45:30 - Task state | {"status":"in_progress","progress":49}
00:45:35 - Checking status | {"task_id":"019a5140-5b1d-7f2c-ba1c-c8c96a185ce5"}
00:45:35 - API Response | {"code":200}
00:45:35 - Task state | {"status":"in_progress","progress":49}
00:45:40 - Checking status | {"task_id":"019a5140-5b1d-7f2c-ba1c-c8c96a185ce5"}
00:45:41 - API Response | {"code":200}
00:45:41 - Task state | {"status":"in_progress","progress":49}
00:45:46 - Checking status | {"task_id":"019a5140-5b1d-7f2c-ba1c-c8c96a185ce5"}
00:45:46 - API Response | {"code":200}
00:45:46 - Task state | {"status":"in_progress","progress":49}
00:45:51 - Checking status | {"task_id":"019a5140-5b1d-7f2c-ba1c-c8c96a185ce5"}
00:45:52 - API Response | {"code":200}
00:45:52 - Task state | {"status":"in_progress","progress":50}
00:45:57 - Checking status | {"task_id":"019a5140-5b1d-7f2c-ba1c-c8c96a185ce5"}
00:45:58 - API Response | {"code":200}
00:45:58 - Task state | {"status":"in_progress","progress":50}
00:46:03 - Checking status | {"task_id":"019a5140-5b1d-7f2c-ba1c-c8c96a185ce5"}
00:46:03 - API Response | {"code":200}
00:46:03 - Task state | {"status":"in_progress","progress":50}
00:46:08 - Checking status | {"task_id":"019a5140-5b1d-7f2c-ba1c-c8c96a185ce5"}
00:46:09 - API Response | {"code":200}
00:46:09 - Task state | {"status":"in_progress","progress":60}
00:46:14 - Checking status | {"task_id":"019a5140-5b1d-7f2c-ba1c-c8c96a185ce5"}
00:46:14 - API Response | {"code":200}
00:46:14 - Task state | {"status":"in_progress","progress":76}
00:46:19 - Checking status | {"task_id":"019a5140-5b1d-7f2c-ba1c-c8c96a185ce5"}
00:46:20 - API Response | {"code":200}
00:46:20 - Task state | {"status":"in_progress","progress":76}
00:46:25 - Checking status | {"task_id":"019a5140-5b1d-7f2c-ba1c-c8c96a185ce5"}
00:46:26 - API Response | {"code":200}
00:46:26 - Task state | {"status":"in_progress","progress":99}
00:46:31 - Checking status | {"task_id":"019a5140-5b1d-7f2c-ba1c-c8c96a185ce5"}
00:46:31 - API Response | {"code":200}
00:46:31 - Task state | {"status":"in_progress","progress":99}
00:46:36 - Checking status | {"task_id":"019a5140-5b1d-7f2c-ba1c-c8c96a185ce5"}
00:46:37 - API Response | {"code":200}
00:46:37 - Task state | {"status":"succeeded","progress":100}
00:46:37 - Model URL found | {"url":"https:\/\/assets.meshy.ai\/3b7a3bf4-2114-49b6-b91c-d1ee797186b9\/tasks\/019a5140-5b1d-7f2c-ba1c-c8c96a185ce5\/output\/model.glb?Expires=1762559196&Signature=Y4BiQHt9NRbZqxRr9wF8p180jUCX4R35N~AqryfqE0xXqfx79v1R43NVvub~mCNUERaRNwodWmx0x1GvqhJ9CJgCvqVjfz7N99wVNO~TELbeklhx~eIZ57nTTA3gCAcPFwTG1K7~XqH2pfwo1SMAnBp0jTCo72MzrIpNOzr1UkpRqOlsfbKIg2kQEZtqdjNBZICLL6xHvAUuSu0vwP4ofQKZ5Je9JqY1jn3eyLLlbmFbxeMMJ71eT13m~kV9qTIbL7pw2xWEBSCRU9Ym6yqMi-Gx1jkhKhBdEi5dv~MFjIFdeP3BO-TRJKxeN5uEKAQ4NWU0t8F0eA1ckVR1ljoJsQ__&Key-Pair-Id=KL5I0C8H7HX83"}
00:46:38 - Model downloaded successfully | {"path":"C:\\xampp\\htdocs\\starroofing\\admin\\meshy\/..\/..\/uploads\/3dmodels\/model_690a905d6380a.glb","relative_path":"uploads\/3dmodels\/model_690a905d6380a.glb","size":7536304}
00:46:38 - Database updated | {"id":17}
00:46:38 - Product table updated | {"product_id":25}
16:32:49 - === meshy_upload.php started ===
16:32:49 - POST data | {"product_id":"21","image_path":"uploads\/products\/1762291263_690a6e3fee600.png"}
16:32:49 - FILES data | "NO"
16:32:49 - Using product image mode
16:32:49 - Attempting to load image | {"original_path":"uploads\/products\/1762291263_690a6e3fee600.png","full_path":"C:\\xampp\\htdocs\\starroofing\\admin\\meshy\/..\/..\/uploads\/products\/1762291263_690a6e3fee600.png","exists":true}
16:32:49 - Product image loaded | {"path":"C:\\xampp\\htdocs\\starroofing\\admin\\meshy\/..\/..\/uploads\/products\/1762291263_690a6e3fee600.png","name":"1762291263_690a6e3fee600.png","type":"image\/png","size":87330,"hash":"03046a1f7a4d55db0bdef3655fda3552"}
16:32:49 - No duplicate found, proceeding with API call
16:32:49 - Data URI created | {"length":116462}
16:32:49 - JSON payload size: 119323 bytes
16:32:50 - API Response | {"code":202,"response":"{\"result\":\"019a54a6-35ed-70fa-a5dd-91e5f59f9187\"}"}
16:32:50 - Task created successfully: 019a54a6-35ed-70fa-a5dd-91e5f59f9187
16:32:50 - Database record created for task: 019a54a6-35ed-70fa-a5dd-91e5f59f9187
16:32:50 - Product table updated with task_id | {"product_id":21}
16:32:50 - === meshy_upload.php completed ===
16:32:53 - Checking status | {"task_id":"019a54a6-35ed-70fa-a5dd-91e5f59f9187"}
16:32:54 - API Response | {"code":200}
16:32:54 - Task state | {"status":"in_progress","progress":20}
16:32:59 - Checking status | {"task_id":"019a54a6-35ed-70fa-a5dd-91e5f59f9187"}
16:32:59 - API Response | {"code":200}
16:32:59 - Task state | {"status":"in_progress","progress":20}
16:33:04 - Checking status | {"task_id":"019a54a6-35ed-70fa-a5dd-91e5f59f9187"}
16:33:05 - API Response | {"code":200}
16:33:05 - Task state | {"status":"in_progress","progress":20}
16:33:10 - Checking status | {"task_id":"019a54a6-35ed-70fa-a5dd-91e5f59f9187"}
16:33:10 - API Response | {"code":200}
16:33:10 - Task state | {"status":"in_progress","progress":20}
16:33:15 - Checking status | {"task_id":"019a54a6-35ed-70fa-a5dd-91e5f59f9187"}
16:33:16 - API Response | {"code":200}
16:33:16 - Task state | {"status":"in_progress","progress":20}
16:33:21 - Checking status | {"task_id":"019a54a6-35ed-70fa-a5dd-91e5f59f9187"}
16:33:21 - API Response | {"code":200}
16:33:21 - Task state | {"status":"in_progress","progress":20}
16:33:26 - Checking status | {"task_id":"019a54a6-35ed-70fa-a5dd-91e5f59f9187"}
16:33:27 - API Response | {"code":200}
16:33:27 - Task state | {"status":"in_progress","progress":20}
16:33:32 - Checking status | {"task_id":"019a54a6-35ed-70fa-a5dd-91e5f59f9187"}
16:33:32 - API Response | {"code":200}
16:33:32 - Task state | {"status":"in_progress","progress":20}
16:33:37 - Checking status | {"task_id":"019a54a6-35ed-70fa-a5dd-91e5f59f9187"}
16:33:38 - API Response | {"code":200}
16:33:38 - Task state | {"status":"in_progress","progress":20}
16:33:43 - Checking status | {"task_id":"019a54a6-35ed-70fa-a5dd-91e5f59f9187"}
16:33:44 - API Response | {"code":200}
16:33:44 - Task state | {"status":"in_progress","progress":49}
16:33:49 - Checking status | {"task_id":"019a54a6-35ed-70fa-a5dd-91e5f59f9187"}
16:33:49 - API Response | {"code":200}
16:33:49 - Task state | {"status":"in_progress","progress":49}
16:33:54 - Checking status | {"task_id":"019a54a6-35ed-70fa-a5dd-91e5f59f9187"}
16:33:55 - API Response | {"code":200}
16:33:55 - Task state | {"status":"in_progress","progress":49}
16:34:00 - Checking status | {"task_id":"019a54a6-35ed-70fa-a5dd-91e5f59f9187"}
16:34:00 - API Response | {"code":200}
16:34:00 - Task state | {"status":"in_progress","progress":49}
16:34:05 - Checking status | {"task_id":"019a54a6-35ed-70fa-a5dd-91e5f59f9187"}
16:34:06 - API Response | {"code":200}
16:34:06 - Task state | {"status":"in_progress","progress":49}
16:34:11 - Checking status | {"task_id":"019a54a6-35ed-70fa-a5dd-91e5f59f9187"}
16:34:11 - API Response | {"code":200}
16:34:11 - Task state | {"status":"in_progress","progress":49}
16:34:16 - Checking status | {"task_id":"019a54a6-35ed-70fa-a5dd-91e5f59f9187"}
16:34:17 - API Response | {"code":200}
16:34:17 - Task state | {"status":"in_progress","progress":49}
16:34:22 - Checking status | {"task_id":"019a54a6-35ed-70fa-a5dd-91e5f59f9187"}
16:34:23 - API Response | {"code":200}
16:34:23 - Task state | {"status":"in_progress","progress":49}
16:34:28 - Checking status | {"task_id":"019a54a6-35ed-70fa-a5dd-91e5f59f9187"}
16:34:28 - API Response | {"code":200}
16:34:28 - Task state | {"status":"in_progress","progress":49}
16:34:33 - Checking status | {"task_id":"019a54a6-35ed-70fa-a5dd-91e5f59f9187"}
16:34:34 - API Response | {"code":200}
16:34:34 - Task state | {"status":"in_progress","progress":49}
16:34:39 - Checking status | {"task_id":"019a54a6-35ed-70fa-a5dd-91e5f59f9187"}
16:34:39 - API Response | {"code":200}
16:34:39 - Task state | {"status":"in_progress","progress":49}
16:34:44 - Checking status | {"task_id":"019a54a6-35ed-70fa-a5dd-91e5f59f9187"}
16:34:45 - API Response | {"code":200}
16:34:45 - Task state | {"status":"in_progress","progress":49}
16:34:50 - Checking status | {"task_id":"019a54a6-35ed-70fa-a5dd-91e5f59f9187"}
16:34:50 - API Response | {"code":200}
16:34:50 - Task state | {"status":"failed","progress":49}
16:39:00 - === meshy_upload.php started ===
16:39:00 - POST data | {"product_id":"22","image_path":"uploads\/products\/1762291288_690a6e582f38a.png"}
16:39:00 - FILES data | "NO"
16:39:00 - Using product image mode
16:39:00 - Attempting to load image | {"original_path":"uploads\/products\/1762291288_690a6e582f38a.png","full_path":"C:\\xampp\\htdocs\\starroofing\\admin\\meshy\/..\/..\/uploads\/products\/1762291288_690a6e582f38a.png","exists":true}
16:39:00 - Product image loaded | {"path":"C:\\xampp\\htdocs\\starroofing\\admin\\meshy\/..\/..\/uploads\/products\/1762291288_690a6e582f38a.png","name":"1762291288_690a6e582f38a.png","type":"image\/png","size":104146,"hash":"fa6dc1fce86e161db5ce1bdf4cea922b"}
16:39:00 - No duplicate found, proceeding with API call
16:39:00 - Data URI created | {"length":138886}
16:39:00 - JSON payload size: 142199 bytes
16:39:01 - API Response | {"code":202,"response":"{\"result\":\"019a54ab-dd91-71df-b5e4-a4c062e53f44\"}"}
16:39:01 - Task created successfully: 019a54ab-dd91-71df-b5e4-a4c062e53f44
16:39:01 - Database record created for task: 019a54ab-dd91-71df-b5e4-a4c062e53f44
16:39:01 - Product table updated with task_id | {"product_id":22}
16:39:01 - === meshy_upload.php completed ===
16:39:04 - Checking status | {"task_id":"019a54ab-dd91-71df-b5e4-a4c062e53f44"}
16:39:04 - API Response | {"code":200}
16:39:04 - Task state | {"status":"in_progress","progress":20}
16:39:09 - Checking status | {"task_id":"019a54ab-dd91-71df-b5e4-a4c062e53f44"}
16:39:10 - API Response | {"code":200}
16:39:10 - Task state | {"status":"in_progress","progress":20}
16:39:15 - Checking status | {"task_id":"019a54ab-dd91-71df-b5e4-a4c062e53f44"}
16:39:15 - API Response | {"code":200}
16:39:15 - Task state | {"status":"in_progress","progress":20}
16:39:20 - Checking status | {"task_id":"019a54ab-dd91-71df-b5e4-a4c062e53f44"}
16:39:21 - API Response | {"code":200}
16:39:21 - Task state | {"status":"in_progress","progress":20}
16:39:26 - Checking status | {"task_id":"019a54ab-dd91-71df-b5e4-a4c062e53f44"}
16:39:26 - API Response | {"code":200}
16:39:26 - Task state | {"status":"in_progress","progress":20}
16:39:31 - Checking status | {"task_id":"019a54ab-dd91-71df-b5e4-a4c062e53f44"}
16:39:32 - API Response | {"code":200}
16:39:32 - Task state | {"status":"in_progress","progress":49}
16:39:37 - Checking status | {"task_id":"019a54ab-dd91-71df-b5e4-a4c062e53f44"}
16:39:37 - API Response | {"code":200}
16:39:37 - Task state | {"status":"in_progress","progress":49}
16:39:43 - Checking status | {"task_id":"019a54ab-dd91-71df-b5e4-a4c062e53f44"}
16:39:43 - API Response | {"code":200}
16:39:43 - Task state | {"status":"in_progress","progress":49}
16:39:48 - Checking status | {"task_id":"019a54ab-dd91-71df-b5e4-a4c062e53f44"}
16:39:49 - API Response | {"code":200}
16:39:49 - Task state | {"status":"in_progress","progress":49}
16:39:54 - Checking status | {"task_id":"019a54ab-dd91-71df-b5e4-a4c062e53f44"}
16:39:54 - API Response | {"code":200}
16:39:54 - Task state | {"status":"in_progress","progress":49}
16:39:59 - Checking status | {"task_id":"019a54ab-dd91-71df-b5e4-a4c062e53f44"}
16:40:00 - API Response | {"code":200}
16:40:00 - Task state | {"status":"in_progress","progress":49}
16:40:05 - Checking status | {"task_id":"019a54ab-dd91-71df-b5e4-a4c062e53f44"}
16:40:05 - API Response | {"code":200}
16:40:05 - Task state | {"status":"in_progress","progress":49}
16:40:10 - Checking status | {"task_id":"019a54ab-dd91-71df-b5e4-a4c062e53f44"}
16:40:11 - API Response | {"code":200}
16:40:11 - Task state | {"status":"in_progress","progress":49}
16:40:16 - Checking status | {"task_id":"019a54ab-dd91-71df-b5e4-a4c062e53f44"}
16:40:16 - API Response | {"code":200}
16:40:16 - Task state | {"status":"in_progress","progress":49}
16:40:21 - Checking status | {"task_id":"019a54ab-dd91-71df-b5e4-a4c062e53f44"}
16:40:22 - API Response | {"code":200}
16:40:22 - Task state | {"status":"in_progress","progress":49}
16:40:27 - Checking status | {"task_id":"019a54ab-dd91-71df-b5e4-a4c062e53f44"}
16:40:28 - API Response | {"code":200}
16:40:28 - Task state | {"status":"in_progress","progress":49}
16:40:33 - Checking status | {"task_id":"019a54ab-dd91-71df-b5e4-a4c062e53f44"}
16:40:33 - API Response | {"code":200}
16:40:33 - Task state | {"status":"in_progress","progress":49}
16:40:38 - Checking status | {"task_id":"019a54ab-dd91-71df-b5e4-a4c062e53f44"}
16:40:39 - API Response | {"code":200}
16:40:39 - Task state | {"status":"in_progress","progress":49}
16:40:44 - Checking status | {"task_id":"019a54ab-dd91-71df-b5e4-a4c062e53f44"}
16:40:44 - API Response | {"code":200}
16:40:44 - Task state | {"status":"in_progress","progress":50}
16:40:49 - Checking status | {"task_id":"019a54ab-dd91-71df-b5e4-a4c062e53f44"}
16:40:50 - API Response | {"code":200}
16:40:50 - Task state | {"status":"in_progress","progress":76}
16:40:55 - Checking status | {"task_id":"019a54ab-dd91-71df-b5e4-a4c062e53f44"}
16:40:55 - API Response | {"code":200}
16:40:55 - Task state | {"status":"in_progress","progress":76}
16:41:00 - Checking status | {"task_id":"019a54ab-dd91-71df-b5e4-a4c062e53f44"}
16:41:01 - API Response | {"code":200}
16:41:01 - Task state | {"status":"in_progress","progress":97}
16:41:06 - Checking status | {"task_id":"019a54ab-dd91-71df-b5e4-a4c062e53f44"}
16:41:06 - API Response | {"code":200}
16:41:06 - Task state | {"status":"in_progress","progress":97}
16:41:11 - Checking status | {"task_id":"019a54ab-dd91-71df-b5e4-a4c062e53f44"}
16:41:12 - API Response | {"code":200}
16:41:12 - Task state | {"status":"in_progress","progress":99}
16:41:17 - Checking status | {"task_id":"019a54ab-dd91-71df-b5e4-a4c062e53f44"}
16:41:18 - API Response | {"code":200}
16:41:18 - Task state | {"status":"in_progress","progress":99}
16:41:23 - Checking status | {"task_id":"019a54ab-dd91-71df-b5e4-a4c062e53f44"}
16:41:23 - API Response | {"code":200}
16:41:23 - Task state | {"status":"succeeded","progress":100}
16:41:23 - Model URL found | {"url":"https:\/\/assets.meshy.ai\/3b7a3bf4-2114-49b6-b91c-d1ee797186b9\/tasks\/019a54ab-dd91-71df-b5e4-a4c062e53f44\/output\/model.glb?Expires=1762616478&Signature=j5C6zLAgd6f6Nk8NKjEtp5NSbo3w4G3DvpIaS6ttItRIw8wwg5Nv5lXgGCDIV0PJ3~RV9qeoWKCKy17-Jv2MrRSHJw2JDO3YR7PsNMK5IQH9WrltyHj1ADh0IKDxTAs~Q2Xffb1SyRrS5aU-RtHdFbFMJwVCfOmHS3qHg00YRVQXPOJSGu7sRgoiCt--dvPzvvC~HAfHG4RmtOMu~U4y7mbcqy3wzFI547e4YIG42C5VoU-MSs0iu8WU~VLfxzbD7WhNdsT87ZHPsdbRWedm~mjAqvIY8GO7PToxtsgaQ2UG0Rt26lSA8d97hPTd35XxdZZwitMearzGoppmZKm4Ew__&Key-Pair-Id=KL5I0C8H7HX83"}
16:41:24 - Model downloaded successfully | {"path":"C:\\xampp\\htdocs\\starroofing\\admin\\meshy\/..\/..\/uploads\/3dmodels\/model_690b70239317e.glb","relative_path":"uploads\/3dmodels\/model_690b70239317e.glb","size":8692940}
16:41:24 - Database updated | {"id":19}
16:41:24 - Product table updated | {"product_id":22}
