=== DEBUG LOG START ===
2025-10-24 04:35:13 - Script started
2025-10-24 04:35:13 - FILES: Array
(
    [images] => Array
        (
            [name] => Array
                (
                    [0] => Stone-Roofing-Sheets-Long-Span-Sheet-Heat-Resistant-Save-Labor-Installation-Stone-Coated-Metal-Roof-Tiles.jpg
                )

            [type] => Array
                (
                    [0] => image/jpeg
                )

            [tmp_name] => Array
                (
                    [0] => C:\xampp\tmp\php86C.tmp
                )

            [error] => Array
                (
                    [0] => 0
                )

            [size] => Array
                (
                    [0] => 53618
                )

        )

)

2025-10-24 04:35:13 - POST: Array
(
)

2025-10-24 04:35:13 - API Key loaded: NO
2025-10-24 04:51:13 - Script started
2025-10-24 04:51:13 - FILES: Array
(
    [images] => Array
        (
            [name] => Array
                (
                    [0] => Stone-Roofing-Sheets-Long-Span-Sheet-Heat-Resistant-Save-Labor-Installation-Stone-Coated-Metal-Roof-Tiles.jpg
                )

            [type] => Array
                (
                    [0] => image/jpeg
                )

            [tmp_name] => Array
                (
                    [0] => C:\xampp\tmp\phpAF77.tmp
                )

            [error] => Array
                (
                    [0] => 0
                )

            [size] => Array
                (
                    [0] => 53618
                )

        )

)

2025-10-24 04:51:13 - POST: Array
(
)

2025-10-24 04:51:13 - API Key loaded: NO
2025-10-24 12:07:27 - Script started
2025-10-24 12:07:27 - FILES: Array
(
    [images] => Array
        (
            [name] => Array
                (
                    [0] => Stone-Roofing-Sheets-Long-Span-Sheet-Heat-Resistant-Save-Labor-Installation-Stone-Coated-Metal-Roof-Tiles.jpg
                )

            [type] => Array
                (
                    [0] => image/jpeg
                )

            [tmp_name] => Array
                (
                    [0] => C:\xampp\tmp\php109F.tmp
                )

            [error] => Array
                (
                    [0] => 0
                )

            [size] => Array
                (
                    [0] => 53618
                )

        )

)

2025-10-24 12:07:27 - POST: Array
(
)

2025-10-24 12:07:27 - API Key loaded: YES
2025-10-24 12:07:27 - Images field exists
2025-10-24 12:07:27 - Image file detected: Stone-Roofing-Sheets-Long-Span-Sheet-Heat-Resistant-Save-Labor-Installation-Stone-Coated-Metal-Roof-Tiles.jpg
2025-10-24 12:07:27 - File details: Array
(
    [name] => Stone-Roofing-Sheets-Long-Span-Sheet-Heat-Resistant-Save-Labor-Installation-Stone-Coated-Metal-Roof-Tiles.jpg
    [type] => image/jpeg
    [tmp_name] => C:\xampp\tmp\php109F.tmp
    [error] => 0
    [size] => 53618
)

2025-10-24 12:07:27 - File validation passed
2025-10-24 12:07:27 - File read successfully. Size: 53618 bytes
2025-10-24 12:07:27 - Data URI created. Length: 71515
2025-10-24 12:07:27 - JSON payload size: 73304 bytes
2025-10-24 12:07:27 - Calling Meshy API: https://api.meshy.ai/openapi/v1/image-to-3d
2025-10-24 12:07:28 - API Response Code: 202
2025-10-24 12:07:28 - API Response: {"result":"019a15b0-005a-7cc3-a88b-a7ef5fbe81d7"}
2025-10-24 12:07:28 - Parsed result: Array
(
    [result] => 019a15b0-005a-7cc3-a88b-a7ef5fbe81d7
)

2025-10-24 12:07:28 - Task created successfully: 019a15b0-005a-7cc3-a88b-a7ef5fbe81d7
2025-10-24 12:07:28 - Script completed successfully
