22:22:07 - Checking status | {"task_id":"019a17e2-bde6-7b37-a231-e243255c5e71"}
22:22:07 - API Response | {"code":200}
22:22:07 - Task state | {"status":"in_progress"}
22:22:17 - Checking status | {"task_id":"019a17e2-bde6-7b37-a231-e243255c5e71"}
22:22:18 - API Response | {"code":200}
22:22:18 - Task state | {"status":"in_progress"}
22:22:28 - Checking status | {"task_id":"019a17e2-bde6-7b37-a231-e243255c5e71"}
22:22:29 - API Response | {"code":200}
22:22:29 - Task state | {"status":"in_progress"}
22:22:39 - Checking status | {"task_id":"019a17e2-bde6-7b37-a231-e243255c5e71"}
22:22:40 - API Response | {"code":200}
22:22:40 - Task state | {"status":"in_progress"}
22:22:50 - Checking status | {"task_id":"019a17e2-bde6-7b37-a231-e243255c5e71"}
22:22:50 - API Response | {"code":200}
22:22:50 - Task state | {"status":"in_progress"}
22:23:00 - Checking status | {"task_id":"019a17e2-bde6-7b37-a231-e243255c5e71"}
22:23:01 - API Response | {"code":200}
22:23:01 - Task state | {"status":"in_progress"}
22:23:11 - Checking status | {"task_id":"019a17e2-bde6-7b37-a231-e243255c5e71"}
22:23:12 - API Response | {"code":200}
22:23:12 - Task state | {"status":"in_progress"}
22:23:22 - Checking status | {"task_id":"019a17e2-bde6-7b37-a231-e243255c5e71"}
22:23:23 - API Response | {"code":200}
22:23:23 - Task state | {"status":"in_progress"}
22:23:33 - Checking status | {"task_id":"019a17e2-bde6-7b37-a231-e243255c5e71"}
22:23:34 - API Response | {"code":200}
22:23:34 - Task state | {"status":"in_progress"}
22:23:44 - Checking status | {"task_id":"019a17e2-bde6-7b37-a231-e243255c5e71"}
22:23:45 - API Response | {"code":200}
22:23:45 - Task state | {"status":"in_progress"}
22:23:55 - Checking status | {"task_id":"019a17e2-bde6-7b37-a231-e243255c5e71"}
22:23:56 - API Response | {"code":200}
22:23:56 - Task state | {"status":"in_progress"}
22:24:06 - Checking status | {"task_id":"019a17e2-bde6-7b37-a231-e243255c5e71"}
22:24:07 - API Response | {"code":200}
22:24:07 - Task state | {"status":"in_progress"}
22:24:17 - Checking status | {"task_id":"019a17e2-bde6-7b37-a231-e243255c5e71"}
22:24:17 - API Response | {"code":200}
22:24:17 - Task state | {"status":"in_progress"}
22:24:27 - Checking status | {"task_id":"019a17e2-bde6-7b37-a231-e243255c5e71"}
22:24:28 - API Response | {"code":200}
22:24:28 - Task state | {"status":"succeeded"}
22:24:28 - Model URL found | {"url":"https:\/\/assets.meshy.ai\/3b7a3bf4-2114-49b6-b91c-d1ee797186b9\/tasks\/019a17e2-bde6-7b37-a231-e243255c5e71\/output\/model.glb?Expires=1761596659&Signature=CwEg8tTcMt78hUDh9IAeuD2UubHIiqT366ke18I1wtNChNNadYylOEdZn-04~WlqAdJ2B7LZSKrYwkn5ijs7AGCZ9yTTTFM8bwAFL07ftVzoUFGXbpp4YDvDedheeq5wocNjCvrbASAL~iWn9uBYmoeeDeSfYyp2esIvl7SAJ0TiCwgCNb9J7BqYUQprawA8piQuf~02QxQqe4hi5FKT6BeGe5hR3etje0ZKvHaZevn3rUyzjL-GG3QrDpf8v33lmw-qhqs~D78NY98j-88WmnzQMesP4TI-zpdUjryzO21ZeqczDMDCXjRRKYvKJ4qUH8PitN~phjYBUCOhZT4vaw__&Key-Pair-Id=KL5I0C8H7HX83"}
22:24:29 - Model downloaded successfully | {"path":"C:\\xampp\\htdocs\\starroofing\\admin\\meshy\/..\/..\/uploads\/3dmodels\/model_68fbe07c37346.glb","size":7210324,"exists":true,"readable":true}
22:24:29 - Database updated | {"id":2}
