07:59:05 - Checking status | {"task_id":"019a19f2-f895-786a-ad90-d85151ecf360"}
07:59:06 - API Response | {"code":200}
07:59:06 - Task state | {"status":"in_progress"}
07:59:16 - Checking status | {"task_id":"019a19f2-f895-786a-ad90-d85151ecf360"}
07:59:18 - API Response | {"code":200}
07:59:18 - Task state | {"status":"in_progress"}
07:59:28 - Checking status | {"task_id":"019a19f2-f895-786a-ad90-d85151ecf360"}
07:59:29 - API Response | {"code":200}
07:59:29 - Task state | {"status":"in_progress"}
07:59:39 - Checking status | {"task_id":"019a19f2-f895-786a-ad90-d85151ecf360"}
07:59:39 - API Response | {"code":200}
07:59:39 - Task state | {"status":"in_progress"}
07:59:49 - Checking status | {"task_id":"019a19f2-f895-786a-ad90-d85151ecf360"}
07:59:50 - API Response | {"code":200}
07:59:50 - Task state | {"status":"in_progress"}
08:00:00 - Checking status | {"task_id":"019a19f2-f895-786a-ad90-d85151ecf360"}
08:00:01 - API Response | {"code":200}
08:00:01 - Task state | {"status":"in_progress"}
08:00:11 - Checking status | {"task_id":"019a19f2-f895-786a-ad90-d85151ecf360"}
08:00:12 - API Response | {"code":200}
08:00:12 - Task state | {"status":"in_progress"}
08:00:22 - Checking status | {"task_id":"019a19f2-f895-786a-ad90-d85151ecf360"}
08:00:22 - API Response | {"code":200}
08:00:22 - Task state | {"status":"in_progress"}
08:00:32 - Checking status | {"task_id":"019a19f2-f895-786a-ad90-d85151ecf360"}
08:00:33 - API Response | {"code":200}
08:00:33 - Task state | {"status":"in_progress"}
08:00:43 - Checking status | {"task_id":"019a19f2-f895-786a-ad90-d85151ecf360"}
08:00:44 - API Response | {"code":200}
08:00:44 - Task state | {"status":"in_progress"}
08:00:54 - Checking status | {"task_id":"019a19f2-f895-786a-ad90-d85151ecf360"}
08:00:56 - API Response | {"code":200}
08:00:56 - Task state | {"status":"in_progress"}
08:01:06 - Checking status | {"task_id":"019a19f2-f895-786a-ad90-d85151ecf360"}
08:01:09 - API Response | {"code":200}
08:01:09 - Task state | {"status":"in_progress"}
08:01:19 - Checking status | {"task_id":"019a19f2-f895-786a-ad90-d85151ecf360"}
08:01:22 - API Response | {"code":200}
08:01:22 - Task state | {"status":"in_progress"}
08:01:32 - Checking status | {"task_id":"019a19f2-f895-786a-ad90-d85151ecf360"}
08:01:34 - API Response | {"code":200}
08:01:34 - Task state | {"status":"succeeded"}
08:01:34 - Model URL found | {"url":"https:\/\/assets.meshy.ai\/3b7a3bf4-2114-49b6-b91c-d1ee797186b9\/tasks\/019a19f2-f895-786a-ad90-d85151ecf360\/output\/model.glb?Expires=1761631290&Signature=dyiaG8HggXt5LaRTcMmGSTEDQG6oQ~YQbePsRXTrZygj2A-QWeVCDNbR-9eto1YUaQaxieHTa2lTfpuHBnvqbAAOB8f9laK-Bwc-rWwxt7yhRmNz1rf8wsZax2ql8dqOh1AFSWIS1cD0ZeRHChgDkU69-tePaeavOUVC5ip48tsICnk5lG~7RRnujUsSXj5inu6SFfVTuH9Mfr03qi-dBf1vGcHTUaxsBMI7eccvwmU10wvvrGA7t9Tjk9ojQpoxb7FQVEmEuTQKN0F1v03O7vW2QTgcg837xEQzMhz57COEBR9SBAp6Ra-6m2nIid9K4ddpYDZ3qR9Ff6pOOaggEg__&Key-Pair-Id=KL5I0C8H7HX83"}
08:03:13 - Model downloaded successfully | {"path":"C:\\xampp\\htdocs\\starroofing\\admin\\meshy\/..\/..\/uploads\/3dmodels\/model_68fc67be914b7.glb","size":9090820,"exists":true,"readable":true}
08:03:13 - Database updated | {"id":3}
